<?xml version="1.0" encoding="UTF-8"?>
<testsuites name="jest tests" tests="4" failures="0" errors="0" time="0.11">
  <testsuite name="undefined" errors="0" failures="0" skipped="0" timestamp="2022-03-31T13:54:04" time="0.085" tests="4">
    <testcase classname=" adds 1 + 2 to equal 3" name=" adds 1 + 2 to equal 3" time="0.001">
    </testcase>
    <testcase classname=" Subtracts 2 - 2 to equal 0" name=" Subtracts 2 - 2 to equal 0" time="0">
    </testcase>
    <testcase classname=" Multiplies 89 x 201 to equal 17889" name=" Multiplies 89 x 201 to equal 17889" time="0">
    </testcase>
    <testcase classname=" Divides 90 / 10 to equal 9" name=" Divides 90 / 10 to equal 9" time="0">
    </testcase>
  </testsuite>
</testsuites>